// Jest Snapshot v1, https://goo.gl/fbAQLP

exports[`Tests on <TodoListItem /> component should show <TodoListItem /> correctly 1`] = `
<li
  className="list-group-item"
  key="1"
>
  <p
    className="text-center"
    onClick={[Function]}
  >
    1
    . 
    Learn React
  </p>
  <button
    className="btn btn-danger"
    onClick={[Function]}
  >
    Delete
  </button>
</li>
`;
